/lfs/ampere2/0/jonasds/relbench/.pixi/envs/default/lib/python3.10/site-packages/torch_frame/utils/io.py:113: UserWarning: Weights only load failed. Please file an issue to make `torch.load(weights_only=True)` compatible in your case. Please use `torch.serialization.add_safe_globals([numpy._core.multiarray.scalar])` to allowlist this global.
  warnings.warn(f"{warn_msg} Please use "
/lfs/ampere2/0/jonasds/relbench/.pixi/envs/default/lib/python3.10/site-packages/torch_frame/utils/io.py:113: UserWarning: Weights only load failed. Please file an issue to make `torch.load(weights_only=True)` compatible in your case. Please use `torch.serialization.add_safe_globals([numpy._core.multiarray.scalar])` to allowlist this global.
  warnings.warn(f"{warn_msg} Please use "
[?25hLoading Database object from /lfs/ampere2/0/jonasds/scratch/relbench/rel-avito/db...
Done in 7.23 seconds.
Traceback (most recent call last):
  File "/lfs/ampere2/0/jonasds/relbench/examples/gnn_recommendation.py", line 83, in <module>
    data, col_stats_dict = make_pkey_fkey_graph(
  File "/lfs/ampere2/0/jonasds/relbench/relbench/modeling/graph.py", line 71, in make_pkey_fkey_graph
    dataset = Dataset(
  File "/lfs/ampere2/0/jonasds/relbench/.pixi/envs/default/lib/python3.10/site-packages/torch_frame/data/dataset.py", line 588, in materialize
    self._tensor_frame, self._col_stats = torch_frame.load(
  File "/lfs/ampere2/0/jonasds/relbench/.pixi/envs/default/lib/python3.10/site-packages/torch_frame/utils/io.py", line 104, in load
    tf_dict, col_stats = torch.load(path, weights_only=True)
  File "/lfs/ampere2/0/jonasds/relbench/.pixi/envs/default/lib/python3.10/site-packages/torch/serialization.py", line 1516, in load
    return _load(
  File "/lfs/ampere2/0/jonasds/relbench/.pixi/envs/default/lib/python3.10/site-packages/torch/serialization.py", line 2114, in _load
    result = unpickler.load()
  File "/lfs/ampere2/0/jonasds/relbench/.pixi/envs/default/lib/python3.10/site-packages/torch/_weights_only_unpickler.py", line 532, in load
    self.append(self.persistent_load(pid))
  File "/lfs/ampere2/0/jonasds/relbench/.pixi/envs/default/lib/python3.10/site-packages/torch/serialization.py", line 2078, in persistent_load
    typed_storage = load_tensor(
  File "/lfs/ampere2/0/jonasds/relbench/.pixi/envs/default/lib/python3.10/site-packages/torch/serialization.py", line 2031, in load_tensor
    zip_file.get_storage_from_record(name, numel, torch.UntypedStorage)
KeyboardInterrupt
